
> rico-part-master-frontend@1.0.0 dev
> vite --host 127.0.0.1


  [32m[1mVITE[22m v5.4.21[39m  [2mready in [0m[1m887[22m[2m[0m ms[22m

  [32m➜[39m  [1mLocal[22m:   [36mhttp://127.0.0.1:[1m5173[22m/[39m
[2m11:57:30 AM[22m [36m[1m[vite][22m[39m [32m.env changed, restarting server...[39m
[2m11:57:31 AM[22m [36m[1m[vite][22m[39m server restarted.
[2m11:57:42 AM[22m [36m[1m[vite][22m[39m [32m.env changed, restarting server...[39m
[2m11:57:42 AM[22m [36m[1m[vite][22m[39m server restarted.
[2m12:02:12 PM[22m [36m[1m[vite][22m[39m [32m.env changed, restarting server...[39m
[2m12:02:12 PM[22m [36m[1m[vite][22m[39m server restarted.
[2m12:02:28 PM[22m [36m[1m[vite][22m[39m [32mhmr update [39m[2m/src/index.css, /src/pages/PartProfilePage.jsx, /src/pages/PartMasterPage.jsx, /src/components/partprofile/ConfigurationTab.jsx, /src/components/partprofile/OperationsTab.jsx[22m
[2m12:44:08 PM[22m [36m[1m[vite][22m[39m [32mhmr update [39m[2m/src/App.jsx, /src/index.css[22m
[2m12:44:21 PM[22m [36m[1m[vite][22m[39m [32mhmr update [39m[2m/src/components/common/Navbar.jsx, /src/index.css[22m
[2m12:44:36 PM[22m [36m[1m[vite][22m[39m [32mhmr update [39m[2m/src/components/common/Sidebar.jsx, /src/index.css[22m
[2m1:04:02 PM[22m [36m[1m[vite][22m[39m [32mhmr update [39m[2m/src/App.jsx, /src/index.css[22m
[2m1:04:05 PM[22m [36m[1m[vite][22m[39m [32mhmr update [39m[2m/src/pages/LoginPage.jsx, /src/index.css[22m
[2m1:04:08 PM[22m [36m[1m[vite][22m[39m [32mhmr update [39m[2m/src/pages/LoginPage.jsx, /src/index.css[22m
[2m1:04:12 PM[22m [36m[1m[vite][22m[39m [32mhmr update [39m[2m/src/components/common/Sidebar.jsx, /src/index.css[22m
[2m1:04:26 PM[22m [36m[1m[vite][22m[39m [32mhmr update [39m[2m/src/components/common/Sidebar.jsx, /src/index.css[22m
[2m1:04:31 PM[22m [36m[1m[vite][22m[39m [32mhmr update [39m[2m/src/components/common/Navbar.jsx, /src/index.css[22m
[2m1:04:50 PM[22m [36m[1m[vite][22m[39m [32mhmr update [39m[2m/src/components/common/Navbar.jsx, /src/index.css[22m
[2m1:05:00 PM[22m [36m[1m[vite][22m[39m [32mhmr update [39m[2m/src/pages/PartMasterPage.jsx, /src/index.css[22m
[2m1:05:03 PM[22m [36m[1m[vite][22m[39m [32mhmr update [39m[2m/src/pages/PartProfilePage.jsx, /src/index.css[22m
[2m1:05:16 PM[22m [36m[1m[vite][22m[39m [32mhmr update [39m[2m/src/modules/machine/MachineDashboard.jsx, /src/index.css[22m
[2m1:05:28 PM[22m [36m[1m[vite][22m[39m [32mhmr update [39m[2m/src/modules/machine/components/MachineCard.jsx, /src/index.css[22m
[2m1:05:38 PM[22m [36m[1m[vite][22m[39m [32mhmr update [39m[2m/src/context/I18nContext.jsx, /src/index.css[22m
[2m1:05:43 PM[22m [36m[1m[vite][22m[39m [32mhmr update [39m[2m/src/index.css[22m
[2m1:06:14 PM[22m [36m[1m[vite][22m[39m [32mhmr update [39m[2m/src/App.jsx, /src/index.css[22m
[2m1:15:49 PM[22m [36m[1m[vite][22m[39m [32mhmr update [39m[2m/src/App.jsx, /src/index.css[22m
[2m1:15:53 PM[22m [36m[1m[vite][22m[39m [32mhmr update [39m[2m/src/components/common/Sidebar.jsx, /src/index.css[22m
[2m1:16:15 PM[22m [36m[1m[vite][22m[39m [32mhmr update [39m[2m/src/components/common/Sidebar.jsx, /src/index.css[22m
[2m1:16:26 PM[22m [36m[1m[vite][22m[39m [32mhmr update [39m[2m/src/components/common/Sidebar.jsx, /src/index.css[22m
[2m1:16:41 PM[22m [36m[1m[vite][22m[39m [32mhmr update [39m[2m/src/App.jsx, /src/index.css[22m
[2m1:16:45 PM[22m [36m[1m[vite][22m[39m [32mhmr update [39m[2m/src/components/common/Navbar.jsx, /src/index.css[22m
[2m1:16:50 PM[22m [36m[1m[vite][22m[39m [32mhmr update [39m[2m/src/pages/PartMasterPage.jsx, /src/index.css[22m
[2m1:16:54 PM[22m [36m[1m[vite][22m[39m [32mhmr update [39m[2m/src/modules/machine/MachineDashboard.jsx, /src/index.css[22m
[2m1:21:31 PM[22m [36m[1m[vite][22m[39m [32mhmr update [39m[2m/src/pages/PartProfilePage.jsx, /src/index.css[22m
[2m1:21:54 PM[22m [36m[1m[vite][22m[39m [32mhmr update [39m[2m/src/context/I18nContext.jsx, /src/index.css[22m
[2m1:21:55 PM[22m [36m[1m[vite][22m[39m [33mhmr invalidate [39m[2m/src/context/I18nContext.jsx[22m Could not Fast Refresh ("useI18n" export is incompatible). Learn more at https://github.com/vitejs/vite-plugin-react/tree/main/packages/plugin-react#consistent-components-exports
[2m1:21:55 PM[22m [36m[1m[vite][22m[39m [32mhmr update [39m[2m/src/App.jsx, /src/index.css, /src/pages/LoginPage.jsx, /src/pages/PartProfilePage.jsx, /src/pages/PartMasterPage.jsx, /src/components/common/BrandLogo.jsx, /src/components/partprofile/LockedTabs.jsx, /src/components/partprofile/ConfigurationTab.jsx, /src/components/partprofile/OperationsTab.jsx, /src/components/common/Navbar.jsx[22m
[2m1:22:04 PM[22m [36m[1m[vite][22m[39m [32mhmr update [39m[2m/src/context/I18nContext.jsx, /src/index.css[22m
[2m1:22:04 PM[22m [36m[1m[vite][22m[39m [33mhmr invalidate [39m[2m/src/context/I18nContext.jsx[22m Could not Fast Refresh ("useI18n" export is incompatible). Learn more at https://github.com/vitejs/vite-plugin-react/tree/main/packages/plugin-react#consistent-components-exports
[2m1:22:04 PM[22m [36m[1m[vite][22m[39m [32mhmr update [39m[2m/src/App.jsx, /src/index.css, /src/pages/LoginPage.jsx, /src/pages/PartProfilePage.jsx, /src/pages/PartMasterPage.jsx, /src/components/common/BrandLogo.jsx, /src/components/partprofile/LockedTabs.jsx, /src/components/partprofile/ConfigurationTab.jsx, /src/components/partprofile/OperationsTab.jsx, /src/components/common/Navbar.jsx[22m
[2m1:22:08 PM[22m [36m[1m[vite][22m[39m [32mhmr update [39m[2m/src/components/partprofile/OperationsTab.jsx, /src/index.css[22m
[2m2:49:32 PM[22m [36m[1m[vite][22m[39m [32mhmr update [39m[2m/src/pages/PartMasterPage.jsx, /src/index.css[22m
[2m2:49:51 PM[22m [36m[1m[vite][22m[39m [32mhmr update [39m[2m/src/components/common/Navbar.jsx, /src/index.css[22m
[2m2:49:51 PM[22m [36m[1m[vite][22m[39m [32mhmr update [39m[2m/src/components/common/Navbar.jsx, /src/index.css[22m
[2m2:55:34 PM[22m [36m[1m[vite][22m[39m [32mhmr update [39m[2m/src/pages/PartMasterPage.jsx, /src/index.css[22m
[2m2:55:37 PM[22m [36m[1m[vite][22m[39m [32mhmr update [39m[2m/src/pages/PartMasterPage.jsx, /src/index.css[22m
[2m2:57:36 PM[22m [36m[1m[vite][22m[39m [32mhmr update [39m[2m/src/pages/PartMasterPage.jsx, /src/index.css[22m
[2m2:58:12 PM[22m [36m[1m[vite][22m[39m [32mhmr update [39m[2m/src/pages/PartMasterPage.jsx, /src/index.css[22m
[2m2:58:12 PM[22m [36m[1m[vite][22m[39m [32mhmr update [39m[2m/src/pages/PartMasterPage.jsx, /src/index.css[22m
[2m2:58:16 PM[22m [36m[1m[vite][22m[39m [32mhmr update [39m[2m/src/pages/PartMasterPage.jsx, /src/index.css[22m
[2m2:58:17 PM[22m [36m[1m[vite][22m[39m [32mhmr update [39m[2m/src/pages/PartMasterPage.jsx, /src/index.css[22m
[2m2:58:28 PM[22m [36m[1m[vite][22m[39m [32mhmr update [39m[2m/src/pages/PartMasterPage.jsx, /src/index.css[22m
[2m2:59:21 PM[22m [36m[1m[vite][22m[39m [32mhmr update [39m[2m/src/pages/PartMasterPage.jsx, /src/index.css[22m
[2m3:01:39 PM[22m [36m[1m[vite][22m[39m [32mhmr update [39m[2m/src/pages/PartMasterPage.jsx, /src/index.css[22m
[2m3:01:41 PM[22m [36m[1m[vite][22m[39m [32mhmr update [39m[2m/src/pages/PartMasterPage.jsx, /src/index.css[22m
[2m3:06:49 PM[22m [36m[1m[vite][22m[39m [32mhmr update [39m[2m/src/pages/PartMasterPage.jsx, /src/index.css[22m
[2m3:06:51 PM[22m [36m[1m[vite][22m[39m [32mhmr update [39m[2m/src/pages/PartMasterPage.jsx, /src/index.css[22m
[2m3:06:57 PM[22m [36m[1m[vite][22m[39m [32mhmr update [39m[2m/src/pages/PartMasterPage.jsx, /src/index.css[22m
[2m3:06:57 PM[22m [36m[1m[vite][22m[39m [32mhmr update [39m[2m/src/pages/PartMasterPage.jsx, /src/index.css[22m
[2m3:55:02 PM[22m [36m[1m[vite][22m[39m [32mhmr update [39m[2m/src/pages/OperationsMasterPage.jsx, /src/index.css[22m
